
> shapesway-website@0.0.0 build
> vite build

[36mvite v7.3.0 [32mbuilding client environment for production...[36m[39m
transforming...
[32mΓ£ô[39m 6576 modules transformed.
node.exe : [31mΓ£ù[39m Build failed in 32.80s
At line:1 char:1
+ & "C:\Program Files\nodejs/node.exe" 
"C:\Users\Admin\AppData\Roaming\ ...
+ ~~~~~~~~~~~~~~~~~~~~~~~~~~~~~~~~~~~~~~~~~~~~~~~~~~~~~~~
~~~~~~~~~~~~~~
    + CategoryInfo          : NotSpecified: ([31mΓ£ù[3 
   9m Build failed in 32.80s:String) [], RemoteExceptio  
  n
    + FullyQualifiedErrorId : NativeCommandError
 
[31merror during build:
[31msrc/pages/Services/CloudServices.jsx (11:30): 
"SiMicrosoftazure" is not exported by 
"node_modules/react-icons/si/index.mjs", imported by 
"src/pages/Services/CloudServices.jsx".[31m
file: [36mC:/Users/Admin/Desktop/my project/Shapesway 
website/src/pages/Services/CloudServices.jsx:11:30[31m
[33m
 9:     PiInfinityBold, PiGraphBold, PiTrophyBold
10: } from 'react-icons/pi';
11: import { SiAmazonwebservices, SiMicrosoftazure, 
SiGooglecloud } from 'react-icons/si';
                                  ^
12: import BespokeCTA from 
'../../components/common/BespokeCTA';
13: import './CloudServices.css';
[31m
    at getRollupError (file:///C:/Users/Admin/Desktop/my%
20project/Shapesway%20website/node_modules/rollup/dist/es
/shared/parseAst.js:401:41)
    at error (file:///C:/Users/Admin/Desktop/my%20project
/Shapesway%20website/node_modules/rollup/dist/es/shared/p
arseAst.js:397:42)
    at Module.error (file:///C:/Users/Admin/Desktop/my%20
project/Shapesway%20website/node_modules/rollup/dist/es/s
hared/node-entry.js:17022:16)
    at Module.traceVariable (file:///C:/Users/Admin/Deskt
op/my%20project/Shapesway%20website/node_modules/rollup/d
ist/es/shared/node-entry.js:17478:29)
    at ModuleScope.findVariable (file:///C:/Users/Admin/D
esktop/my%20project/Shapesway%20website/node_modules/roll
up/dist/es/shared/node-entry.js:15141:39)
    at ReturnValueScope.findVariable (file:///C:/Users/Ad
min/Desktop/my%20project/Shapesway%20website/node_modules
/rollup/dist/es/shared/node-entry.js:5688:38)
    at FunctionBodyScope.findVariable (file:///C:/Users/A
dmin/Desktop/my%20project/Shapesway%20website/node_module
s/rollup/dist/es/shared/node-entry.js:5688:38)
    at Identifier.bind (file:///C:/Users/Admin/Desktop/my
%20project/Shapesway%20website/node_modules/rollup/dist/e
s/shared/node-entry.js:5462:40)
    at CallExpression.bind (file:///C:/Users/Admin/Deskto
p/my%20project/Shapesway%20website/node_modules/rollup/di
st/es/shared/node-entry.js:2825:28)
    at CallExpression.bind (file:///C:/Users/Admin/Deskto
p/my%20project/Shapesway%20website/node_modules/rollup/di
st/es/shared/node-entry.js:12172:15)[39m
